// Jest Snapshot v1, https://goo.gl/fbAQLP

exports[`Logo should render 1`] = `
<DocumentFragment>
  <div
    class="logo"
  >
    <span
      class="additionalColor"
    >
      netflix
    </span>
    roulette
  </div>
</DocumentFragment>
`;
